[2026-08-31 01:48:06] CHANNEL: smtp-error | TO: gabrielleluckie20@gmail.com | SUBJECT: URGENT: Partnership Agreement Expiring in 30 Days
------------------------------------------------------------
<!DOCTYPE html>
<html lang="en">
<head>
    <meta charset="UTF-8">
    <meta name="viewport" content="width=device-width, initial-scale=1.0">
    <title>URGENT: Partnership Agreement Expiring in 30 Days</title>
</head>
<body style="margin:0;padding:0;background:#f1f5f9;font-family:Arial,Helvetica,sans-serif;">
    <table role="presentation" width="100%" cellspacing="0" cellpadding="0" style="background:#f1f5f9;padding:24px 12px;">
        <tr>
            <td align="center">
                <table role="presentation" width="640" cellspacing="0" cellpadding="0" style="max-width:640px;width:100%;background:#ffffff;border-radius:12px;overflow:hidden;border:1px solid #d1d5db;">
                    <tr>
                        <td style="background:#064e3b;padding:22px 28px;color:#ffffff;">
                            <p style="margin:0 0 6px;font-size:12px;letter-spacing:0.12em;text-transform:uppercase;color:#a7f3d0;">Divine Word University</p>
                            <h1 style="margin:0;font-size:22px;line-height:1.3;">Partnership Registry</h1>
                            <p style="margin:8px 0 0;font-size:13px;color:#d1fae5;">Automated expiry notification</p>
                        </td>
                    </tr>
                    <tr>
                        <td style="padding:28px;">
                            <h2 style="margin:0 0 12px;font-size:18px;color:#064e3b;">URGENT: Partnership Agreement Expiring in 30 Days</h2>
                            <p style="margin:0 0 16px;font-size:15px;line-height:1.55;color:#0f172a;">
    This is a notice that a partnership agreement is expiring in 30 days.
</p>
<table role="presentation" width="100%" cellspacing="0" cellpadding="0" style="border:1px solid #d1fae5;border-radius:8px;overflow:hidden;">
    <tr>
        <td style="background:#ecfdf5;padding:10px 12px;width:42%;font-size:13px;font-weight:bold;color:#064e3b;">Agreement title</td>
        <td style="padding:10px 12px;font-size:14px;color:#0f172a;">Service Agreement</td>
    </tr>
    <tr>
        <td style="background:#ecfdf5;padding:10px 12px;font-size:13px;font-weight:bold;color:#064e3b;">Partner organisation</td>
        <td style="padding:10px 12px;font-size:14px;color:#0f172a;">madang technical college</td>
    </tr>
    <tr>
        <td style="background:#ecfdf5;padding:10px 12px;font-size:13px;font-weight:bold;color:#064e3b;">Partner email</td>
        <td style="padding:10px 12px;font-size:14px;color:#0f172a;">gabrielleluckie@gmail.com</td>
    </tr>
    <tr>
        <td style="background:#ecfdf5;padding:10px 12px;font-size:13px;font-weight:bold;color:#064e3b;">Expiration date</td>
        <td style="padding:10px 12px;font-size:14px;color:#0f172a;">August 21, 2026</td>
    </tr>
</table>
<p style="margin:16px 0 0;font-size:13px;line-height:1.5;color:#475569;">
    Please contact the DWU Partnership Division if you wish to discuss renewal.
</p>
                        </td>
                    </tr>
                    <tr>
                        <td style="background:#f8fafc;padding:16px 28px;font-size:12px;color:#64748b;border-top:1px solid #e2e8f0;">
                            This message was sent automatically by the DWU Partnership Registry. Please do not reply to this email.
                        </td>
                    </tr>
                </table>
            </td>
        </tr>
    </table>
</body>
</html>

[2026-08-31 01:48:40] CHANNEL: smtp-error | TO: gabrielleluckie20@gmail.com | SUBJECT: URGENT: Partnership Agreement Expiring in 30 Days
------------------------------------------------------------
<!DOCTYPE html>
<html lang="en">
<head>
    <meta charset="UTF-8">
    <meta name="viewport" content="width=device-width, initial-scale=1.0">
    <title>URGENT: Partnership Agreement Expiring in 30 Days</title>
</head>
<body style="margin:0;padding:0;background:#f1f5f9;font-family:Arial,Helvetica,sans-serif;">
    <table role="presentation" width="100%" cellspacing="0" cellpadding="0" style="background:#f1f5f9;padding:24px 12px;">
        <tr>
            <td align="center">
                <table role="presentation" width="640" cellspacing="0" cellpadding="0" style="max-width:640px;width:100%;background:#ffffff;border-radius:12px;overflow:hidden;border:1px solid #d1d5db;">
                    <tr>
                        <td style="background:#064e3b;padding:22px 28px;color:#ffffff;">
                            <p style="margin:0 0 6px;font-size:12px;letter-spacing:0.12em;text-transform:uppercase;color:#a7f3d0;">Divine Word University</p>
                            <h1 style="margin:0;font-size:22px;line-height:1.3;">Partnership Registry</h1>
                            <p style="margin:8px 0 0;font-size:13px;color:#d1fae5;">Automated expiry notification</p>
                        </td>
                    </tr>
                    <tr>
                        <td style="padding:28px;">
                            <h2 style="margin:0 0 12px;font-size:18px;color:#064e3b;">URGENT: Partnership Agreement Expiring in 30 Days</h2>
                            <p style="margin:0 0 16px;font-size:15px;line-height:1.55;color:#0f172a;">
    This is a notice that a partnership agreement is expiring in 30 days.
</p>
<table role="presentation" width="100%" cellspacing="0" cellpadding="0" style="border:1px solid #d1fae5;border-radius:8px;overflow:hidden;">
    <tr>
        <td style="background:#ecfdf5;padding:10px 12px;width:42%;font-size:13px;font-weight:bold;color:#064e3b;">Agreement title</td>
        <td style="padding:10px 12px;font-size:14px;color:#0f172a;">Service Agreement</td>
    </tr>
    <tr>
        <td style="background:#ecfdf5;padding:10px 12px;font-size:13px;font-weight:bold;color:#064e3b;">Partner organisation</td>
        <td style="padding:10px 12px;font-size:14px;color:#0f172a;">madang technical college</td>
    </tr>
    <tr>
        <td style="background:#ecfdf5;padding:10px 12px;font-size:13px;font-weight:bold;color:#064e3b;">Partner email</td>
        <td style="padding:10px 12px;font-size:14px;color:#0f172a;">gabrielleluckie@gmail.com</td>
    </tr>
    <tr>
        <td style="background:#ecfdf5;padding:10px 12px;font-size:13px;font-weight:bold;color:#064e3b;">Expiration date</td>
        <td style="padding:10px 12px;font-size:14px;color:#0f172a;">August 21, 2026</td>
    </tr>
</table>
<p style="margin:16px 0 0;font-size:13px;line-height:1.5;color:#475569;">
    Please contact the DWU Partnership Division if you wish to discuss renewal.
</p>
                        </td>
                    </tr>
                    <tr>
                        <td style="background:#f8fafc;padding:16px 28px;font-size:12px;color:#64748b;border-top:1px solid #e2e8f0;">
                            This message was sent automatically by the DWU Partnership Registry. Please do not reply to this email.
                        </td>
                    </tr>
                </table>
            </td>
        </tr>
    </table>
</body>
</html>

[2026-08-31 01:48:41] CHANNEL: smtp-error | TO: gabrielleluckie20@gmail.com | SUBJECT: URGENT: Partnership Agreement Expiring in 30 Days
------------------------------------------------------------
<!DOCTYPE html>
<html lang="en">
<head>
    <meta charset="UTF-8">
    <meta name="viewport" content="width=device-width, initial-scale=1.0">
    <title>URGENT: Partnership Agreement Expiring in 30 Days</title>
</head>
<body style="margin:0;padding:0;background:#f1f5f9;font-family:Arial,Helvetica,sans-serif;">
    <table role="presentation" width="100%" cellspacing="0" cellpadding="0" style="background:#f1f5f9;padding:24px 12px;">
        <tr>
            <td align="center">
                <table role="presentation" width="640" cellspacing="0" cellpadding="0" style="max-width:640px;width:100%;background:#ffffff;border-radius:12px;overflow:hidden;border:1px solid #d1d5db;">
                    <tr>
                        <td style="background:#064e3b;padding:22px 28px;color:#ffffff;">
                            <p style="margin:0 0 6px;font-size:12px;letter-spacing:0.12em;text-transform:uppercase;color:#a7f3d0;">Divine Word University</p>
                            <h1 style="margin:0;font-size:22px;line-height:1.3;">Partnership Registry</h1>
                            <p style="margin:8px 0 0;font-size:13px;color:#d1fae5;">Automated expiry notification</p>
                        </td>
                    </tr>
                    <tr>
                        <td style="padding:28px;">
                            <h2 style="margin:0 0 12px;font-size:18px;color:#064e3b;">URGENT: Partnership Agreement Expiring in 30 Days</h2>
                            <p style="margin:0 0 16px;font-size:15px;line-height:1.55;color:#0f172a;">
    This is a notice that a partnership agreement is expiring in 30 days.
</p>
<table role="presentation" width="100%" cellspacing="0" cellpadding="0" style="border:1px solid #d1fae5;border-radius:8px;overflow:hidden;">
    <tr>
        <td style="background:#ecfdf5;padding:10px 12px;width:42%;font-size:13px;font-weight:bold;color:#064e3b;">Agreement title</td>
        <td style="padding:10px 12px;font-size:14px;color:#0f172a;">Service Agreement</td>
    </tr>
    <tr>
        <td style="background:#ecfdf5;padding:10px 12px;font-size:13px;font-weight:bold;color:#064e3b;">Partner organisation</td>
        <td style="padding:10px 12px;font-size:14px;color:#0f172a;">madang technical college</td>
    </tr>
    <tr>
        <td style="background:#ecfdf5;padding:10px 12px;font-size:13px;font-weight:bold;color:#064e3b;">Partner email</td>
        <td style="padding:10px 12px;font-size:14px;color:#0f172a;">gabrielleluckie@gmail.com</td>
    </tr>
    <tr>
        <td style="background:#ecfdf5;padding:10px 12px;font-size:13px;font-weight:bold;color:#064e3b;">Expiration date</td>
        <td style="padding:10px 12px;font-size:14px;color:#0f172a;">August 21, 2026</td>
    </tr>
</table>
<p style="margin:16px 0 0;font-size:13px;line-height:1.5;color:#475569;">
    Please contact the DWU Partnership Division if you wish to discuss renewal.
</p>
                        </td>
                    </tr>
                    <tr>
                        <td style="background:#f8fafc;padding:16px 28px;font-size:12px;color:#64748b;border-top:1px solid #e2e8f0;">
                            This message was sent automatically by the DWU Partnership Registry. Please do not reply to this email.
                        </td>
                    </tr>
                </table>
            </td>
        </tr>
    </table>
</body>
</html>

[2026-08-31 01:50:36] CHANNEL: smtp-error | TO: gabrielleluckie20@gmail.com | SUBJECT: URGENT: Partnership Agreement Expiring in 30 Days
------------------------------------------------------------
<!DOCTYPE html>
<html lang="en">
<head>
    <meta charset="UTF-8">
    <meta name="viewport" content="width=device-width, initial-scale=1.0">
    <title>URGENT: Partnership Agreement Expiring in 30 Days</title>
</head>
<body style="margin:0;padding:0;background:#f1f5f9;font-family:Arial,Helvetica,sans-serif;">
    <table role="presentation" width="100%" cellspacing="0" cellpadding="0" style="background:#f1f5f9;padding:24px 12px;">
        <tr>
            <td align="center">
                <table role="presentation" width="640" cellspacing="0" cellpadding="0" style="max-width:640px;width:100%;background:#ffffff;border-radius:12px;overflow:hidden;border:1px solid #d1d5db;">
                    <tr>
                        <td style="background:#064e3b;padding:22px 28px;color:#ffffff;">
                            <p style="margin:0 0 6px;font-size:12px;letter-spacing:0.12em;text-transform:uppercase;color:#a7f3d0;">Divine Word University</p>
                            <h1 style="margin:0;font-size:22px;line-height:1.3;">Partnership Registry</h1>
                            <p style="margin:8px 0 0;font-size:13px;color:#d1fae5;">Automated expiry notification</p>
                        </td>
                    </tr>
                    <tr>
                        <td style="padding:28px;">
                            <h2 style="margin:0 0 12px;font-size:18px;color:#064e3b;">URGENT: Partnership Agreement Expiring in 30 Days</h2>
                            <p style="margin:0 0 16px;font-size:15px;line-height:1.55;color:#0f172a;">
    This is a notice that a partnership agreement is expiring in 30 days.
</p>
<table role="presentation" width="100%" cellspacing="0" cellpadding="0" style="border:1px solid #d1fae5;border-radius:8px;overflow:hidden;">
    <tr>
        <td style="background:#ecfdf5;padding:10px 12px;width:42%;font-size:13px;font-weight:bold;color:#064e3b;">Agreement title</td>
        <td style="padding:10px 12px;font-size:14px;color:#0f172a;">Service Agreement</td>
    </tr>
    <tr>
        <td style="background:#ecfdf5;padding:10px 12px;font-size:13px;font-weight:bold;color:#064e3b;">Partner organisation</td>
        <td style="padding:10px 12px;font-size:14px;color:#0f172a;">madang technical college</td>
    </tr>
    <tr>
        <td style="background:#ecfdf5;padding:10px 12px;font-size:13px;font-weight:bold;color:#064e3b;">Partner email</td>
        <td style="padding:10px 12px;font-size:14px;color:#0f172a;">gabrielleluckie@gmail.com</td>
    </tr>
    <tr>
        <td style="background:#ecfdf5;padding:10px 12px;font-size:13px;font-weight:bold;color:#064e3b;">Expiration date</td>
        <td style="padding:10px 12px;font-size:14px;color:#0f172a;">August 21, 2026</td>
    </tr>
</table>
<p style="margin:16px 0 0;font-size:13px;line-height:1.5;color:#475569;">
    Please contact the DWU Partnership Division if you wish to discuss renewal.
</p>
                        </td>
                    </tr>
                    <tr>
                        <td style="background:#f8fafc;padding:16px 28px;font-size:12px;color:#64748b;border-top:1px solid #e2e8f0;">
                            This message was sent automatically by the DWU Partnership Registry. Please do not reply to this email.
                        </td>
                    </tr>
                </table>
            </td>
        </tr>
    </table>
</body>
</html>

[2026-08-31 01:56:36] CHANNEL: smtp | TO: gabrielleluckie20@gmail.com | SUBJECT: URGENT: Partnership Agreement Expiring in 30 Days
------------------------------------------------------------
<!DOCTYPE html>
<html lang="en">
<head>
    <meta charset="UTF-8">
    <meta name="viewport" content="width=device-width, initial-scale=1.0">
    <title>URGENT: Partnership Agreement Expiring in 30 Days</title>
</head>
<body style="margin:0;padding:0;background:#f1f5f9;font-family:Arial,Helvetica,sans-serif;">
    <table role="presentation" width="100%" cellspacing="0" cellpadding="0" style="background:#f1f5f9;padding:24px 12px;">
        <tr>
            <td align="center">
                <table role="presentation" width="640" cellspacing="0" cellpadding="0" style="max-width:640px;width:100%;background:#ffffff;border-radius:12px;overflow:hidden;border:1px solid #d1d5db;">
                    <tr>
                        <td style="background:#064e3b;padding:22px 28px;color:#ffffff;">
                            <p style="margin:0 0 6px;font-size:12px;letter-spacing:0.12em;text-transform:uppercase;color:#a7f3d0;">Divine Word University</p>
                            <h1 style="margin:0;font-size:22px;line-height:1.3;">Partnership Registry</h1>
                            <p style="margin:8px 0 0;font-size:13px;color:#d1fae5;">Automated expiry notification</p>
                        </td>
                    </tr>
                    <tr>
                        <td style="padding:28px;">
                            <h2 style="margin:0 0 12px;font-size:18px;color:#064e3b;">URGENT: Partnership Agreement Expiring in 30 Days</h2>
                            <p style="margin:0 0 16px;font-size:15px;line-height:1.55;color:#0f172a;">
    This is a notice that a partnership agreement is expiring in 30 days.
</p>
<table role="presentation" width="100%" cellspacing="0" cellpadding="0" style="border:1px solid #d1fae5;border-radius:8px;overflow:hidden;">
    <tr>
        <td style="background:#ecfdf5;padding:10px 12px;width:42%;font-size:13px;font-weight:bold;color:#064e3b;">Agreement title</td>
        <td style="padding:10px 12px;font-size:14px;color:#0f172a;">Service Agreement</td>
    </tr>
    <tr>
        <td style="background:#ecfdf5;padding:10px 12px;font-size:13px;font-weight:bold;color:#064e3b;">Partner organisation</td>
        <td style="padding:10px 12px;font-size:14px;color:#0f172a;">madang technical college</td>
    </tr>
    <tr>
        <td style="background:#ecfdf5;padding:10px 12px;font-size:13px;font-weight:bold;color:#064e3b;">Partner email</td>
        <td style="padding:10px 12px;font-size:14px;color:#0f172a;">gabrielleluckie@gmail.com</td>
    </tr>
    <tr>
        <td style="background:#ecfdf5;padding:10px 12px;font-size:13px;font-weight:bold;color:#064e3b;">Expiration date</td>
        <td style="padding:10px 12px;font-size:14px;color:#0f172a;">August 21, 2026</td>
    </tr>
</table>
<p style="margin:16px 0 0;font-size:13px;line-height:1.5;color:#475569;">
    Please contact the DWU Partnership Division if you wish to discuss renewal.
</p>
                        </td>
                    </tr>
                    <tr>
                        <td style="background:#f8fafc;padding:16px 28px;font-size:12px;color:#64748b;border-top:1px solid #e2e8f0;">
                            This message was sent automatically by the DWU Partnership Registry. Please do not reply to this email.
                        </td>
                    </tr>
                </table>
            </td>
        </tr>
    </table>
</body>
</html>

